******************************************************************************
                  TI ARM Linker PC v20.2.7                     
******************************************************************************
>> Linked Mon Feb  9 14:20:38 2026

OUTPUT FILE NAME:   <Lab2.out>
ENTRY POINT SYMBOL: "_c_int00_noargs"  address: 000039dd


MEMORY CONFIGURATION

         name            origin    length      used     unused   attr    fill
----------------------  --------  ---------  --------  --------  ----  --------
  FLASH                 00000000   00040000  00003d64  0003c29c  R  X
  SRAM                  20000000   00008000  00002311  00005cef  RW X


SEGMENT ALLOCATION MAP

run origin  load origin   length   init length attrs members
----------  ----------- ---------- ----------- ----- -------
00000000    00000000    00003d68   00003d68    r-x
  00000000    00000000    0000026c   0000026c    r-- .intvecs
  0000026c    0000026c    00003990   00003990    r-x .text
  00003bfc    00003bfc    00000118   00000118    r-- .const
  00003d18    00003d18    00000050   00000050    r-- .cinit
20000000    20000000    00002315   00000000    rw-
  20000000    20000000    0000026c   00000000    rw- .vtable
  20000270    20000270    00001000   00000000    rw- .stack
  20001270    20001270    00001000   00000000    rw- .sysmem
  20002270    20002270    00000070   00000000    rw- .bss
  200022e0    200022e0    00000035   00000000    rw- .data


SECTION ALLOCATION MAP

 output                                  attributes/
section   page    origin      length       input sections
--------  ----  ----------  ----------   ----------------
.intvecs   0    00000000    0000026c     
                  00000000    0000026c     tm4c123gh6pm_startup_ccs.obj (.intvecs)

.text      0    0000026c    00003990     
                  0000026c    00000c20     open_interface.obj (.text)
                  00000e8c    00000a4e     rtsv7M4_T_le_v4SPD16_eabi.lib : _printfi.c.obj (.text:__TI_printfi)
                  000018da    00000002                                   : _lock.c.obj (.text:_nop)
                  000018dc    000004c0     movement.obj (.text)
                  00001d9c    00000328     lcd.obj (.text)
                  000020c4    00000270     rtsv7M4_T_le_v4SPD16_eabi.lib : _printfi.c.obj (.text:_pconv_a)
                  00002334    00000248     Timer.obj (.text)
                  0000257c    000001d0     rtsv7M4_T_le_v4SPD16_eabi.lib : _printfi.c.obj (.text:_pconv_g)
                  0000274c    000001b6                                   : fd_add_t2.asm.obj (.text)
                  00002902    00000002                                   : div0.asm.obj (.text)
                  00002904    0000013c                                   : _printfi.c.obj (.text:_pconv_e)
                  00002a40    00000136                                   : fd_div_t2.asm.obj (.text)
                  00002b76    00000002     --HOLE-- [fill = 0]
                  00002b78    00000124                                   : _printfi.c.obj (.text:fcvt)
                  00002c9c    00000110                                   : s_scalbn.c.obj (.text:scalbn)
                  00002dac    00000100                                   : memory.c.obj (.text:aligned_alloc)
                  00002eac    000000fc                                   : fd_mul_t2.asm.obj (.text)
                  00002fa8    000000e4                                   : memory.c.obj (.text:free)
                  0000308c    000000d4     main.obj (.text)
                  00003160    000000b1     rtsv7M4_T_le_v4SPD16_eabi.lib : _printfi.c.obj (.text:_ltostr)
                  00003211    00000001     --HOLE-- [fill = 0]
                  00003212    0000009c                                   : memcpy_t2.asm.obj (.text)
                  000032ae    00000096                                   : ull_div_t2.asm.obj (.text)
                  00003344    00000086                                   : fd_cmp_t2.asm.obj (.text:__aeabi_cdcmple)
                  000033ca    00000086                                   : fd_cmp_t2.asm.obj (.text:__aeabi_cdrcmple)
                  00003450    0000007a                                   : memset_t2.asm.obj (.text)
                  000034ca    00000002     --HOLE-- [fill = 0]
                  000034cc    00000070                                   : memory.c.obj (.text:split)
                  0000353c    0000006e                                   : _printfi.c.obj (.text:_mcpy)
                  000035aa    0000006e                                   : fd_tos_t2.asm.obj (.text)
                  00003618    00000068                                   : copy_decompress_lzss.c.obj (.text:decompress:lzss:__TI_decompress_lzss)
                  00003680    00000064                                   : s_frexp.c.obj (.text:frexp)
                  000036e4    00000056                                   : _printfi.c.obj (.text:_pconv_f)
                  0000373a    00000054                                   : _ltoa.c.obj (.text:__TI_ltoa)
                  0000378e    00000052                                   : _printfi.c.obj (.text:_ecpy)
                  000037e0    0000004c                                   : atoi.c.obj (.text:atoi)
                  0000382c    00000048                                   : fd_toi_t2.asm.obj (.text)
                  00003874    00000044                                   : autoinit.c.obj (.text:__TI_auto_init_nobinit_nopinit:__TI_auto_init_nobinit_nopinit)
                  000038b8    00000040                                   : vsnprintf.c.obj (.text:vsnprintf)
                  000038f8    0000003e                                   : _printfi.c.obj (.text:_fcpy)
                  00003936    00000002     --HOLE-- [fill = 0]
                  00003938    00000038                                   : memory.c.obj (.text:calloc)
                  00003970    00000038                                   : fs_tod_t2.asm.obj (.text)
                  000039a8    00000034     driverlib.lib : interrupt.obj (.text:IntRegister)
                  000039dc    00000034     rtsv7M4_T_le_v4SPD16_eabi.lib : boot_cortex_m.c.obj (.text:_c_int00_noargs:_c_int00_noargs)
                  00003a10    00000030                                   : vsnprintf.c.obj (.text:_outs)
                  00003a40    0000002e                                   : i_tofd_t2.asm.obj (.text)
                  00003a6e    00000002     --HOLE-- [fill = 0]
                  00003a70    00000028                                   : memory.c.obj (.text:free_list_insert)
                  00003a98    0000001c                                   : copy_zero_init.c.obj (.text:decompress:ZI:__TI_zero_init_nomemset:__TI_zero_init_nomemset)
                  00003ab4    0000001c                                   : memory.c.obj (.text:free_list_remove)
                  00003ad0    0000001c                                   : memccpy.c.obj (.text:memccpy)
                  00003aec    0000001a                                   : s_copysign.c.obj (.text:copysign)
                  00003b06    00000018                                   : vsnprintf.c.obj (.text:_outc)
                  00003b1e    00000018     open_interface.obj (.text:oi_parseInt)
                  00003b36    00000018     rtsv7M4_T_le_v4SPD16_eabi.lib : strcmp.c.obj (.text:strcmp)
                  00003b4e    00000016                                   : strchr.c.obj (.text:strchr)
                  00003b64    00000014                                   : strcpy.c.obj (.text:strcpy)
                  00003b78    00000014                                   : strlen.c.obj (.text:strlen)
                  00003b8c    00000012                                   : wcslen.c.obj (.text:wcslen)
                  00003b9e    00000010     driverlib.lib : interrupt.obj (.text:IntMasterEnable)
                  00003bae    00000010     lcd.obj (.text:lcd_clear)
                  00003bbe    0000000e     rtsv7M4_T_le_v4SPD16_eabi.lib : copy_decompress_none.c.obj (.text:decompress:none:__TI_decompress_none)
                  00003bcc    0000000c     driverlib.lib : cpu.obj (.text:CPUcpsie)
                  00003bd8    0000000c     tm4c123gh6pm_startup_ccs.obj (.text)
                  00003be4    00000008     rtsv7M4_T_le_v4SPD16_eabi.lib : errno.c.obj (.text:__aeabi_errno_addr)
                  00003bec    00000008                                   : memory.c.obj (.text:malloc)
                  00003bf4    00000004                                   : pre_init.c.obj (.text:_system_pre_init)
                  00003bf8    00000004                                   : exit.c.obj (.text:abort:abort)

.const     0    00003bfc    00000118     
                  00003bfc    00000101     rtsv7M4_T_le_v4SPD16_eabi.lib : ctype.c.obj (.const:.string:_ctypes_)
                  00003cfd    0000000f     open_interface.obj (.const:.string:$P$T0$3)
                  00003d0c    00000004     lcd.obj (.const:.string:lineAddress$1)
                  00003d10    00000004     lcd.obj (.const:.string:lineAddresses$2)

.cinit     0    00003d18    00000050     
                  00003d18    00000018     (.cinit..data.load) [load image, compression = lzss]
                  00003d30    0000000c     (__TI_handler_table)
                  00003d3c    00000004     --HOLE-- [fill = 0]
                  00003d40    00000008     (.cinit..bss.load) [load image, compression = zero_init]
                  00003d48    00000008     (.cinit..vtable.load) [load image, compression = zero_init]
                  00003d50    00000018     (__TI_cinit_table)

.init_array 
*          0    00000000    00000000     UNINITIALIZED

.vtable    0    20000000    0000026c     UNINITIALIZED
                  20000000    0000026c     driverlib.lib : interrupt.obj (.vtable)

.stack     0    20000270    00001000     UNINITIALIZED
                  20000270    00000004     rtsv7M4_T_le_v4SPD16_eabi.lib : boot_cortex_m.c.obj (.stack)
                  20000274    00000ffc     --HOLE--

.sysmem    0    20001270    00001000     UNINITIALIZED
                  20001270    00000010     rtsv7M4_T_le_v4SPD16_eabi.lib : memory.c.obj (.sysmem)
                  20001280    00000ff0     --HOLE--

.bss       0    20002270    00000070     UNINITIALIZED
                  20002270    00000054     lcd.obj (.bss:lastbuffer$3)
                  200022c4    00000018     open_interface.obj (.bss:firmware$2)
                  200022dc    00000004     (.common:_timeout_ticks)

.data      0    200022e0    00000035     UNINITIALIZED
                  200022e0    00000020     open_interface.obj (.data)
                  20002300    00000008     rtsv7M4_T_le_v4SPD16_eabi.lib : _lock.c.obj (.data:$O1$$)
                  20002308    00000008                                   : memory.c.obj (.data:$O1$$)
                  20002310    00000004                                   : errno.c.obj (.data)
                  20002314    00000001     Timer.obj (.data)

__llvm_prf_cnts 
*          0    20000000    00000000     UNINITIALIZED

MODULE SUMMARY

       Module                         code    ro data   rw data
       ------                         ----    -------   -------
    .\
       open_interface.obj             3128    15        56     
       movement.obj                   1216    0         0      
       lcd.obj                        824     8         84     
       tm4c123gh6pm_startup_ccs.obj   12      620       0      
       Timer.obj                      584     0         5      
       main.obj                       212     0         0      
    +--+------------------------------+-------+---------+---------+
       Total:                         5976    643       145    
                                                               
    C:/ti/TivaWare_C_Series-2.2.0.295/driverlib/ccs/Debug/driverlib.lib
       interrupt.obj                  68      0         620    
       cpu.obj                        12      0         0      
    +--+------------------------------+-------+---------+---------+
       Total:                         80      0         620    
                                                               
    C:\ti\ccs1271\ccs\tools\compiler\ti-cgt-arm_20.2.7.LTS\lib\rtsv7M4_T_le_v4SPD16_eabi.lib
       _printfi.c.obj                 4851    0         0      
       memory.c.obj                   728     0         8      
       fd_add_t2.asm.obj              438     0         0      
       fd_div_t2.asm.obj              310     0         0      
       s_scalbn.c.obj                 272     0         0      
       fd_cmp_t2.asm.obj              268     0         0      
       ctype.c.obj                    0       257       0      
       fd_mul_t2.asm.obj              252     0         0      
       memcpy_t2.asm.obj              156     0         0      
       ull_div_t2.asm.obj             150     0         0      
       vsnprintf.c.obj                136     0         0      
       memset_t2.asm.obj              122     0         0      
       fd_tos_t2.asm.obj              110     0         0      
       copy_decompress_lzss.c.obj     104     0         0      
       s_frexp.c.obj                  100     0         0      
       _ltoa.c.obj                    84      0         0      
       atoi.c.obj                     76      0         0      
       fd_toi_t2.asm.obj              72      0         0      
       autoinit.c.obj                 68      0         0      
       fs_tod_t2.asm.obj              56      0         0      
       boot_cortex_m.c.obj            52      0         0      
       i_tofd_t2.asm.obj              46      0         0      
       copy_zero_init.c.obj           28      0         0      
       memccpy.c.obj                  28      0         0      
       s_copysign.c.obj               26      0         0      
       strcmp.c.obj                   24      0         0      
       strchr.c.obj                   22      0         0      
       strcpy.c.obj                   20      0         0      
       strlen.c.obj                   20      0         0      
       wcslen.c.obj                   18      0         0      
       copy_decompress_none.c.obj     14      0         0      
       errno.c.obj                    8       0         4      
       _lock.c.obj                    2       0         8      
       exit.c.obj                     4       0         0      
       pre_init.c.obj                 4       0         0      
       div0.asm.obj                   2       0         0      
    +--+------------------------------+-------+---------+---------+
       Total:                         8671    257       20     
                                                               
       Heap:                          0       0         4096   
       Stack:                         0       0         4096   
       Linker Generated:              0       76        0      
    +--+------------------------------+-------+---------+---------+
       Grand Total:                   14727   976       8977   


LINKER GENERATED COPY TABLES

__TI_cinit_table @ 00003d50 records: 3, size/record: 8, table size: 24
	.data: load addr=00003d18, load size=00000018 bytes, run addr=200022e0, run size=00000035 bytes, compression=lzss
	.bss: load addr=00003d40, load size=00000008 bytes, run addr=20002270, run size=00000070 bytes, compression=zero_init
	.vtable: load addr=00003d48, load size=00000008 bytes, run addr=20000000, run size=0000026c bytes, compression=zero_init


LINKER GENERATED HANDLER TABLE

__TI_handler_table @ 00003d30 records: 3, size/record: 4, table size: 12
	index: 0, handler: __TI_zero_init
	index: 1, handler: __TI_decompress_lzss
	index: 2, handler: __TI_decompress_none


GLOBAL SYMBOLS: SORTED ALPHABETICALLY BY Name 

address   name                          
-------   ----                          
00003bf9  C$$EXIT                       
00003bcd  CPUcpsie                      
00000bc3  GPIOF_Handler                 
00003b9f  IntMasterEnable               
000039a9  IntRegister                   
00003bd9  ResetISR                      
20001270  __STACK_END                   
00001000  __STACK_SIZE                  
20000470  __STACK_TOP                   
00001000  __SYSMEM_SIZE                 
00003d50  __TI_CINIT_Base               
00003d68  __TI_CINIT_Limit              
00003d30  __TI_Handler_Table_Base       
00003d3c  __TI_Handler_Table_Limit      
00003875  __TI_auto_init_nobinit_nopinit
00003619  __TI_decompress_lzss          
00003bbf  __TI_decompress_none          
0000373b  __TI_ltoa                     
ffffffff  __TI_pprof_out_hndl           
00000e8d  __TI_printfi                  
ffffffff  __TI_prof_data_size           
ffffffff  __TI_prof_data_start          
00000000  __TI_static_base__            
00003a99  __TI_zero_init_nomemset       
00003345  __aeabi_cdcmpeq               
00003345  __aeabi_cdcmple               
000033cb  __aeabi_cdrcmple              
000035ab  __aeabi_d2f                   
0000382d  __aeabi_d2iz                  
00002757  __aeabi_dadd                  
00002a41  __aeabi_ddiv                  
00002ead  __aeabi_dmul                  
0000274d  __aeabi_dsub                  
00003be5  __aeabi_errno_addr            
00003971  __aeabi_f2d                   
00003a41  __aeabi_i2d                   
00002903  __aeabi_idiv0                 
00002903  __aeabi_ldiv0                 
00003451  __aeabi_memclr                
00003451  __aeabi_memclr4               
00003451  __aeabi_memclr8               
00003213  __aeabi_memcpy                
00003213  __aeabi_memcpy4               
00003213  __aeabi_memcpy8               
00003453  __aeabi_memset                
00003453  __aeabi_memset4               
00003453  __aeabi_memset8               
000032af  __aeabi_uldivmod              
ffffffff  __binit__                     
ffffffff  __c_args__                    
UNDEFED   __mpu_init                    
20000270  __stack                       
20000000  __start___llvm_prf_cnts       
20000000  __stop___llvm_prf_cnts        
000039dd  _c_int00_noargs               
00003bfc  _ctypes_                      
20002300  _lock                         
000018db  _nop                          
20002314  _running                      
20001270  _sys_memory                   
UNDEFED   _system_post_cinit            
00003bf5  _system_pre_init              
200022dc  _timeout_ticks                
20002304  _unlock                       
00003bf9  abort                         
00002dad  aligned_alloc                 
000037e1  atoi                          
ffffffff  binit                         
00003939  calloc                        
00003aed  copysign                      
00003aed  copysignl                     
20002310  errno                         
00002fa9  free                          
00003681  frexp                         
00003681  frexpl                        
20000000  g_pfnRAMVectors               
00000000  g_pfnVectors                  
0000097f  go_charge                     
00003baf  lcd_clear                     
00001f71  lcd_gotoLine                  
00001dd9  lcd_init                      
00001fd7  lcd_printf                    
00001e99  lcd_putc                      
00001ed1  lcd_puts                      
00001d9d  lcd_reverseNibble             
00001eef  lcd_sendCommand               
00001f2d  lcd_sendNibble                
00001f99  lcd_setCursorPos              
00002c9d  ldexp                         
00002c9d  ldexpl                        
0000308d  main                          
00003bed  malloc                        
00002dad  memalign                      
00003ad1  memccpy                       
00003213  memcpy                        
00003459  memset                        
200022e0  motor_cal_factor_L            
200022e4  motor_cal_factor_R            
00001b27  move_backward                 
000018dd  move_forward                  
000019c3  move_forward_collision        
000030cd  move_square                   
0000026d  oi_alloc                      
00000aa9  oi_checkFirmware              
000002c7  oi_close                      
00000279  oi_free                       
00000ded  oi_getMotorCalibrationLeft    
00000e01  oi_getMotorCalibrationRight   
000002b1  oi_init                       
00000289  oi_init_noupdate              
00000915  oi_loadSong                   
00003b1f  oi_parseInt                   
0000032b  oi_parsePacket                
0000096b  oi_play_song                  
0000084b  oi_setLeds                    
00000db1  oi_setMotorCalibration        
0000088f  oi_setWheels                  
00000b51  oi_shutoff_init               
0000098d  oi_uartInit                   
00000a31  oi_uartReceive                
00000a77  oi_uartSendBuff               
00000a15  oi_uartSendChar               
00000a59  oi_uartSendStr                
000002d9  oi_update                     
00002c9d  scalbn                        
00002c9d  scalbnl                       
00003b4f  strchr                        
00003b37  strcmp                        
00003b65  strcpy                        
00003b79  strlen                        
00002453  timer_getMicros               
000023fb  timer_getMillis               
00002335  timer_init                    
000023d7  timer_pause                   
000023e9  timer_resume                  
000023ad  timer_stop                    
000024ad  timer_waitMicros              
000024df  timer_waitMillis              
00001c4d  turn_left                     
00001ce1  turn_right                    
000038b9  vsnprintf                     
00003b8d  wcslen                        


GLOBAL SYMBOLS: SORTED BY Symbol Address 

address   name                          
-------   ----                          
00000000  __TI_static_base__            
00000000  g_pfnVectors                  
0000026d  oi_alloc                      
00000279  oi_free                       
00000289  oi_init_noupdate              
000002b1  oi_init                       
000002c7  oi_close                      
000002d9  oi_update                     
0000032b  oi_parsePacket                
0000084b  oi_setLeds                    
0000088f  oi_setWheels                  
00000915  oi_loadSong                   
0000096b  oi_play_song                  
0000097f  go_charge                     
0000098d  oi_uartInit                   
00000a15  oi_uartSendChar               
00000a31  oi_uartReceive                
00000a59  oi_uartSendStr                
00000a77  oi_uartSendBuff               
00000aa9  oi_checkFirmware              
00000b51  oi_shutoff_init               
00000bc3  GPIOF_Handler                 
00000db1  oi_setMotorCalibration        
00000ded  oi_getMotorCalibrationLeft    
00000e01  oi_getMotorCalibrationRight   
00000e8d  __TI_printfi                  
00001000  __STACK_SIZE                  
00001000  __SYSMEM_SIZE                 
000018db  _nop                          
000018dd  move_forward                  
000019c3  move_forward_collision        
00001b27  move_backward                 
00001c4d  turn_left                     
00001ce1  turn_right                    
00001d9d  lcd_reverseNibble             
00001dd9  lcd_init                      
00001e99  lcd_putc                      
00001ed1  lcd_puts                      
00001eef  lcd_sendCommand               
00001f2d  lcd_sendNibble                
00001f71  lcd_gotoLine                  
00001f99  lcd_setCursorPos              
00001fd7  lcd_printf                    
00002335  timer_init                    
000023ad  timer_stop                    
000023d7  timer_pause                   
000023e9  timer_resume                  
000023fb  timer_getMillis               
00002453  timer_getMicros               
000024ad  timer_waitMicros              
000024df  timer_waitMillis              
0000274d  __aeabi_dsub                  
00002757  __aeabi_dadd                  
00002903  __aeabi_idiv0                 
00002903  __aeabi_ldiv0                 
00002a41  __aeabi_ddiv                  
00002c9d  ldexp                         
00002c9d  ldexpl                        
00002c9d  scalbn                        
00002c9d  scalbnl                       
00002dad  aligned_alloc                 
00002dad  memalign                      
00002ead  __aeabi_dmul                  
00002fa9  free                          
0000308d  main                          
000030cd  move_square                   
00003213  __aeabi_memcpy                
00003213  __aeabi_memcpy4               
00003213  __aeabi_memcpy8               
00003213  memcpy                        
000032af  __aeabi_uldivmod              
00003345  __aeabi_cdcmpeq               
00003345  __aeabi_cdcmple               
000033cb  __aeabi_cdrcmple              
00003451  __aeabi_memclr                
00003451  __aeabi_memclr4               
00003451  __aeabi_memclr8               
00003453  __aeabi_memset                
00003453  __aeabi_memset4               
00003453  __aeabi_memset8               
00003459  memset                        
000035ab  __aeabi_d2f                   
00003619  __TI_decompress_lzss          
00003681  frexp                         
00003681  frexpl                        
0000373b  __TI_ltoa                     
000037e1  atoi                          
0000382d  __aeabi_d2iz                  
00003875  __TI_auto_init_nobinit_nopinit
000038b9  vsnprintf                     
00003939  calloc                        
00003971  __aeabi_f2d                   
000039a9  IntRegister                   
000039dd  _c_int00_noargs               
00003a41  __aeabi_i2d                   
00003a99  __TI_zero_init_nomemset       
00003ad1  memccpy                       
00003aed  copysign                      
00003aed  copysignl                     
00003b1f  oi_parseInt                   
00003b37  strcmp                        
00003b4f  strchr                        
00003b65  strcpy                        
00003b79  strlen                        
00003b8d  wcslen                        
00003b9f  IntMasterEnable               
00003baf  lcd_clear                     
00003bbf  __TI_decompress_none          
00003bcd  CPUcpsie                      
00003bd9  ResetISR                      
00003be5  __aeabi_errno_addr            
00003bed  malloc                        
00003bf5  _system_pre_init              
00003bf9  C$$EXIT                       
00003bf9  abort                         
00003bfc  _ctypes_                      
00003d30  __TI_Handler_Table_Base       
00003d3c  __TI_Handler_Table_Limit      
00003d50  __TI_CINIT_Base               
00003d68  __TI_CINIT_Limit              
20000000  __start___llvm_prf_cnts       
20000000  __stop___llvm_prf_cnts        
20000000  g_pfnRAMVectors               
20000270  __stack                       
20000470  __STACK_TOP                   
20001270  __STACK_END                   
20001270  _sys_memory                   
200022dc  _timeout_ticks                
200022e0  motor_cal_factor_L            
200022e4  motor_cal_factor_R            
20002300  _lock                         
20002304  _unlock                       
20002310  errno                         
20002314  _running                      
ffffffff  __TI_pprof_out_hndl           
ffffffff  __TI_prof_data_size           
ffffffff  __TI_prof_data_start          
ffffffff  __binit__                     
ffffffff  __c_args__                    
ffffffff  binit                         
UNDEFED   __mpu_init                    
UNDEFED   _system_post_cinit            

[142 symbols]
